  Determining projects to restore...
  All projects are up-to-date for restore.
  Nosyormi.Domain -> /Users/roysondsouza/AI Projects/NOSYORMI/nosyormi/backend/Nosyormi.Domain/bin/Debug/net10.0/Nosyormi.Domain.dll
  Nosyormi.Application -> /Users/roysondsouza/AI Projects/NOSYORMI/nosyormi/backend/Nosyormi.Application/bin/Debug/net10.0/Nosyormi.Application.dll
  Nosyormi.Infrastructure -> /Users/roysondsouza/AI Projects/NOSYORMI/nosyormi/backend/Nosyormi.Infrastructure/bin/Debug/net10.0/Nosyormi.Infrastructure.dll
  Nosyormi.Api -> /Users/roysondsouza/AI Projects/NOSYORMI/nosyormi/backend/Nosyormi.Api/bin/Debug/net10.0/Nosyormi.Api.dll
  Nosyormi.Tests -> /Users/roysondsouza/AI Projects/NOSYORMI/nosyormi/backend/Nosyormi.Tests/bin/Debug/net10.0/Nosyormi.Tests.dll
Test run for /Users/roysondsouza/AI Projects/NOSYORMI/nosyormi/backend/Nosyormi.Tests/bin/Debug/net10.0/Nosyormi.Tests.dll (.NETCoreApp,Version=v10.0)
A total of 1 test files matched the specified pattern.
[xUnit.net 00:00:00.00] xUnit.net VSTest Adapter v3.1.4+50e68bbb8b (64-bit .NET 10.0.5)
[xUnit.net 00:00:00.04]   Discovering: Nosyormi.Tests
[xUnit.net 00:00:00.05]   Discovered:  Nosyormi.Tests
[xUnit.net 00:00:00.06]   Starting:    Nosyormi.Tests
  Passed Nosyormi.Tests.Analysis.AnomalyDetectorTests.DetectAsync_WithEmptyList_ReturnsEmptyResults [4 ms]
  Passed Nosyormi.Tests.Analysis.ForecastingServiceTests.ForecastAsync_WithEmptyInput_ReturnsEmptyResults [4 ms]
  Passed Nosyormi.Tests.Analysis.AnomalyDetectorTests.DetectAsync_WithOneExtremeOutlier_FlagsItAsAnomaly [3 ms]
  Passed Nosyormi.Tests.Analysis.ForecastingServiceTests.ForecastAsync_ForecastedAmountIsPositive [4 ms]
  Passed Nosyormi.Tests.Analysis.AnomalyDetectorTests.DetectAsync_WithSingleTransaction_ReturnsNoAnomaly [< 1 ms]
  Passed Nosyormi.Tests.Analysis.AnomalyDetectorTests.DetectAsync_WithNormalTransactions_ReturnsNoAnomalies [< 1 ms]
  Passed Nosyormi.Tests.Analysis.ForecastingServiceTests.ForecastAsync_ForecastReasonablyCloseToAverage [< 1 ms]
  Passed Nosyormi.Tests.Analysis.ForecastingServiceTests.ForecastAsync_WithSingleMonth_StillReturnsForecast [< 1 ms]
  Passed Nosyormi.Tests.Analysis.ForecastingServiceTests.ForecastAsync_WithConsistentSpending_ReturnsForecastPerCategory [1 ms]
  Passed Nosyormi.Tests.Analysis.AnomalyDetectorTests.DetectAsync_ResultCountMatchesInputCount [2 ms]
  Passed Nosyormi.Tests.Csv.CsvParserTests.ParseAsync_WithValidCsv_ParsesDescriptionsCorrectly [15 ms]
  Passed Nosyormi.Tests.Csv.CsvParserTests.ParseAsync_WithNegativeAmounts_ParsesCorrectly [< 1 ms]
  Passed Nosyormi.Tests.Csv.CsvParserTests.ParseAsync_WithValidCsv_ParsesDatesCorrectly [1 ms]
  Passed Nosyormi.Tests.Csv.CsvParserTests.ParseAsync_WithEmptyCsv_ReturnsEmptyList [< 1 ms]
  Passed Nosyormi.Tests.Csv.CsvParserTests.ParseAsync_WithValidCsv_ReturnsCorrectRowCount [< 1 ms]
info: Microsoft.Hosting.Lifetime[0]
      Application started. Press Ctrl+C to shut down.
info: Microsoft.Hosting.Lifetime[0]
      Hosting environment: Development
info: Microsoft.Hosting.Lifetime[0]
      Content root path: /Users/roysondsouza/AI Projects/NOSYORMI/nosyormi/backend/Nosyormi.Api
info: Microsoft.EntityFrameworkCore.Database.Command[20101]
      Executed DbCommand (7ms) [Parameters=[], CommandType='Text', CommandTimeout='30']
      SELECT s."Id", s."FileName", s."UploadedAt", (
          SELECT count(*)::int
          FROM "Transactions" AS t
          WHERE t."StatementId" = s."Id")
      FROM "Statements" AS s
      ORDER BY s."UploadedAt" DESC
info: Microsoft.Hosting.Lifetime[0]
      Application started. Press Ctrl+C to shut down.
info: Microsoft.Hosting.Lifetime[0]
      Hosting environment: Development
info: Microsoft.Hosting.Lifetime[0]
      Content root path: /Users/roysondsouza/AI Projects/NOSYORMI/nosyormi/backend/Nosyormi.Api
info: Microsoft.Hosting.Lifetime[0]
      Application started. Press Ctrl+C to shut down.
info: Microsoft.Hosting.Lifetime[0]
      Hosting environment: Development
info: Microsoft.Hosting.Lifetime[0]
      Content root path: /Users/roysondsouza/AI Projects/NOSYORMI/nosyormi/backend/Nosyormi.Api
info: Microsoft.EntityFrameworkCore.Database.Command[20101]
      Executed DbCommand (4ms) [Parameters=[@id='?' (DbType = Guid)], CommandType='Text', CommandTimeout='30']
      SELECT s."Id", s."FileHash", s."FileName", s."UploadedAt"
      FROM "Statements" AS s
      WHERE s."Id" = @id
      LIMIT 1
info: Microsoft.Hosting.Lifetime[0]
      Application started. Press Ctrl+C to shut down.
info: Microsoft.Hosting.Lifetime[0]
      Hosting environment: Development
info: Microsoft.Hosting.Lifetime[0]
      Content root path: /Users/roysondsouza/AI Projects/NOSYORMI/nosyormi/backend/Nosyormi.Api
info: Microsoft.EntityFrameworkCore.Database.Command[20101]
      Executed DbCommand (1ms) [Parameters=[], CommandType='Text', CommandTimeout='30']
      SELECT s."Id", s."FileName", s."UploadedAt", (
          SELECT count(*)::int
          FROM "Transactions" AS t
          WHERE t."StatementId" = s."Id")
      FROM "Statements" AS s
      ORDER BY s."UploadedAt" DESC
info: Microsoft.Hosting.Lifetime[0]
      Application started. Press Ctrl+C to shut down.
info: Microsoft.Hosting.Lifetime[0]
      Hosting environment: Development
info: Microsoft.Hosting.Lifetime[0]
      Content root path: /Users/roysondsouza/AI Projects/NOSYORMI/nosyormi/backend/Nosyormi.Api
info: Microsoft.EntityFrameworkCore.Database.Command[20101]
      Executed DbCommand (1ms) [Parameters=[@id='?' (DbType = Guid)], CommandType='Text', CommandTimeout='30']
      SELECT s."Id", s."FileHash", s."FileName", s."UploadedAt"
      FROM "Statements" AS s
      WHERE s."Id" = @id
      LIMIT 1
info: Microsoft.Hosting.Lifetime[0]
      Application started. Press Ctrl+C to shut down.
info: Microsoft.Hosting.Lifetime[0]
      Hosting environment: Development
info: Microsoft.Hosting.Lifetime[0]
      Content root path: /Users/roysondsouza/AI Projects/NOSYORMI/nosyormi/backend/Nosyormi.Api
info: Microsoft.Hosting.Lifetime[0]
      Application is shutting down...
info: Microsoft.Hosting.Lifetime[0]
      Application is shutting down...
info: Microsoft.Hosting.Lifetime[0]
      Application is shutting down...
info: Microsoft.Hosting.Lifetime[0]
      Application is shutting down...
info: Microsoft.Hosting.Lifetime[0]
      Application is shutting down...
info: Microsoft.Hosting.Lifetime[0]
      Application is shutting down...
[xUnit.net 00:00:00.98]   Finished:    Nosyormi.Tests
  Passed Nosyormi.Tests.Csv.CsvParserTests.ParseAsync_WithValidCsv_ParsesAmountsCorrectly [1 ms]
  Passed Nosyormi.Tests.Integration.StatementsControllerTests.GetAll_ReturnsJsonArray [704 ms]
  Passed Nosyormi.Tests.Integration.StatementsControllerTests.Upload_WithNoCsvFile_ReturnsBadRequest [49 ms]
  Passed Nosyormi.Tests.Integration.StatementsControllerTests.GetById_WithInvalidGuid_ReturnsNotFound [61 ms]
  Passed Nosyormi.Tests.Integration.StatementsControllerTests.GetAll_ReturnsOk [31 ms]
  Passed Nosyormi.Tests.Integration.StatementsControllerTests.Delete_WithInvalidGuid_ReturnsNotFound [26 ms]
  Passed Nosyormi.Tests.Integration.StatementsControllerTests.Upload_WithNonCsvFile_ReturnsBadRequest [30 ms]

Test Run Successful.
Total tests: 22
     Passed: 22
 Total time: 1.2222 Seconds
---E2E---

Running 6 tests using 1 worker

  ✘  1 [chromium] › e2e/critical-path.spec.ts:5:3 › NOSYOR.M.I Critical Path › TC-E2E-01: Dashboard loads with statement data (1.2s)
  ✘  2 [chromium] › e2e/critical-path.spec.ts:18:3 › NOSYOR.M.I Critical Path › TC-E2E-02: Sidebar navigation works for all pages (1.1s)
  ✘  3 [chromium] › e2e/critical-path.spec.ts:41:3 › NOSYOR.M.I Critical Path › TC-E2E-03: Transactions page shows transaction list (1.1s)
  ✘  4 [chromium] › e2e/critical-path.spec.ts:54:3 › NOSYOR.M.I Critical Path › TC-E2E-04: Statements page shows upload button and statement list (1.1s)
  ✘  5 [chromium] › e2e/critical-path.spec.ts:66:3 › NOSYOR.M.I Critical Path › TC-E2E-05: Chat page loads with spending overview (1.1s)
  ✘  6 [chromium] › e2e/critical-path.spec.ts:80:3 › NOSYOR.M.I Critical Path › TC-E2E-06: Upload modal opens and closes (1.1s)


  1) [chromium] › e2e/critical-path.spec.ts:5:3 › NOSYOR.M.I Critical Path › TC-E2E-01: Dashboard loads with statement data 

    Error: page.goto: net::ERR_CONNECTION_REFUSED at http://localhost:5173/
    Call log:
    [2m  - navigating to "http://localhost:5173/", waiting until "load"[22m


      4 |
      5 |   test('TC-E2E-01: Dashboard loads with statement data', async ({ page }) => {
    > 6 |     await page.goto('/');
        |                ^
      7 |     
      8 |     // Dashboard heading visible
      9 |     await expect(page.getByRole('heading', { name: 'Dashboard' })).toBeVisible();
        at /Users/roysondsouza/AI Projects/NOSYORMI/nosyormi/frontend/e2e/critical-path.spec.ts:6:16

    Error Context: test-results/critical-path-NOSYOR-M-I-C-6cca5-d-loads-with-statement-data-chromium/error-context.md

  2) [chromium] › e2e/critical-path.spec.ts:18:3 › NOSYOR.M.I Critical Path › TC-E2E-02: Sidebar navigation works for all pages 

    Error: page.goto: net::ERR_CONNECTION_REFUSED at http://localhost:5173/
    Call log:
    [2m  - navigating to "http://localhost:5173/", waiting until "load"[22m


      17 |
      18 |   test('TC-E2E-02: Sidebar navigation works for all pages', async ({ page }) => {
    > 19 |     await page.goto('/');
         |                ^
      20 |
      21 |     // Navigate to Transactions
      22 |     await page.getByRole('link', { name: 'Transactions' }).click();
        at /Users/roysondsouza/AI Projects/NOSYORMI/nosyormi/frontend/e2e/critical-path.spec.ts:19:16

    Error Context: test-results/critical-path-NOSYOR-M-I-C-88fce-igation-works-for-all-pages-chromium/error-context.md

  3) [chromium] › e2e/critical-path.spec.ts:41:3 › NOSYOR.M.I Critical Path › TC-E2E-03: Transactions page shows transaction list 

    Error: page.goto: net::ERR_CONNECTION_REFUSED at http://localhost:5173/transactions
    Call log:
    [2m  - navigating to "http://localhost:5173/transactions", waiting until "load"[22m


      40 |
      41 |   test('TC-E2E-03: Transactions page shows transaction list', async ({ page }) => {
    > 42 |     await page.goto('/transactions');
         |                ^
      43 |
      44 |     // Wait for transactions to load
      45 |     await expect(page.getByText('32 transactions')).toBeVisible({ timeout: 10000 });
        at /Users/roysondsouza/AI Projects/NOSYORMI/nosyormi/frontend/e2e/critical-path.spec.ts:42:16

    Error Context: test-results/critical-path-NOSYOR-M-I-C-03fbe-page-shows-transaction-list-chromium/error-context.md

  4) [chromium] › e2e/critical-path.spec.ts:54:3 › NOSYOR.M.I Critical Path › TC-E2E-04: Statements page shows upload button and statement list 

    Error: page.goto: net::ERR_CONNECTION_REFUSED at http://localhost:5173/statements
    Call log:
    [2m  - navigating to "http://localhost:5173/statements", waiting until "load"[22m


      53 |
      54 |   test('TC-E2E-04: Statements page shows upload button and statement list', async ({ page }) => {
    > 55 |     await page.goto('/statements');
         |                ^
      56 |
      57 |     // Upload button visible
      58 |     await expect(page.getByRole('button', { name: '+ Upload Statement' })).toBeVisible();
        at /Users/roysondsouza/AI Projects/NOSYORMI/nosyormi/frontend/e2e/critical-path.spec.ts:55:16

    Error Context: test-results/critical-path-NOSYOR-M-I-C-96f60-d-button-and-statement-list-chromium/error-context.md

  5) [chromium] › e2e/critical-path.spec.ts:66:3 › NOSYOR.M.I Critical Path › TC-E2E-05: Chat page loads with spending overview 

    Error: page.goto: net::ERR_CONNECTION_REFUSED at http://localhost:5173/chat
    Call log:
    [2m  - navigating to "http://localhost:5173/chat", waiting until "load"[22m


      65 |
      66 |   test('TC-E2E-05: Chat page loads with spending overview', async ({ page }) => {
    > 67 |     await page.goto('/chat');
         |                ^
      68 |
      69 |     // Chat heading visible
      70 |     await expect(page.getByRole('heading', { name: 'Ask NOSYOR.M.I' })).toBeVisible();
        at /Users/roysondsouza/AI Projects/NOSYORMI/nosyormi/frontend/e2e/critical-path.spec.ts:67:16

    Error Context: test-results/critical-path-NOSYOR-M-I-C-d8a35-oads-with-spending-overview-chromium/error-context.md

  6) [chromium] › e2e/critical-path.spec.ts:80:3 › NOSYOR.M.I Critical Path › TC-E2E-06: Upload modal opens and closes 

    Error: page.goto: net::ERR_CONNECTION_REFUSED at http://localhost:5173/statements
    Call log:
    [2m  - navigating to "http://localhost:5173/statements", waiting until "load"[22m


      79 |
      80 |   test('TC-E2E-06: Upload modal opens and closes', async ({ page }) => {
    > 81 |     await page.goto('/statements');
         |                ^
      82 |
      83 |     // Open upload modal
      84 |     await page.getByRole('button', { name: '+ Upload Statement' }).click();
        at /Users/roysondsouza/AI Projects/NOSYORMI/nosyormi/frontend/e2e/critical-path.spec.ts:81:16

    Error Context: test-results/critical-path-NOSYOR-M-I-C-ba9ae-load-modal-opens-and-closes-chromium/error-context.md

  6 failed
    [chromium] › e2e/critical-path.spec.ts:5:3 › NOSYOR.M.I Critical Path › TC-E2E-01: Dashboard loads with statement data 
    [chromium] › e2e/critical-path.spec.ts:18:3 › NOSYOR.M.I Critical Path › TC-E2E-02: Sidebar navigation works for all pages 
    [chromium] › e2e/critical-path.spec.ts:41:3 › NOSYOR.M.I Critical Path › TC-E2E-03: Transactions page shows transaction list 
    [chromium] › e2e/critical-path.spec.ts:54:3 › NOSYOR.M.I Critical Path › TC-E2E-04: Statements page shows upload button and statement list 
    [chromium] › e2e/critical-path.spec.ts:66:3 › NOSYOR.M.I Critical Path › TC-E2E-05: Chat page loads with spending overview 
    [chromium] › e2e/critical-path.spec.ts:80:3 › NOSYOR.M.I Critical Path › TC-E2E-06: Upload modal opens and closes 
